[{"closed":5,"in_progress":10,"level":"N1","open":5,"total":20},{"closed":3,"in_progress":7,"level":"N2","open":2,"total":12},{"closed":3,"in_progress":3,"level":"N3","open":1,"total":7},{"closed":2,"in_progress":1,"level":"N4","open":0,"total":3}]